  suite
    ✓ a
    ✓ b
    ✓ c
    sub-suite
      ✓ a
      ✓ b
      ✓ c
    sub-suite 2
      ✓ a
      ✓ b
      ✓ c

  9 passing
